// Jest Snapshot v1, https://goo.gl/fbAQLP

exports[`Given a Button component should render a Button 1`] = `
.c0 {
  background-color: #fff;
  border: 1px solid #ddd;
  font-weight: bold;
  font-size: 20px;
  border-radius: 0.5em;
  padding: 0.3em 1em;
}

<button
  class="c0"
>
  Hello
</button>
`;
